// Jest Snapshot v1, https://goo.gl/fbAQLP

exports[`Testing common button component renders correcly 1`] = `
<TouchableOpacity
  activeOpacity={0.2}
  style={
    Array [
      Object {
        "alignItems": "center",
        "flexDirection": "row",
        "justifyContent": "space-evenly",
        "shadowColor": "#000",
      },
      Object {
        "backgroundColor": "black",
      },
      Object {
        "borderRadius": undefined,
      },
      Object {
        "width": "100%",
      },
      Object {
        "height": "100%",
      },
      Object {
        "padding": 10,
      },
      Object {
        "paddingBottom": undefined,
      },
      Object {
        "paddingLeft": undefined,
      },
      Object {
        "borderColor": undefined,
      },
    ]
  }
>
  <Component
    style={
      Object {
        "alignItems": "center",
        "flex": 1,
        "flexDirection": "row",
        "justifyContent": "space-between",
      }
    }
  >
    <Icon
      allowFontScaling={false}
      color="white"
      name="md-checkbox"
      size={20}
      style={
        Array [
          Object {},
        ]
      }
    />
    <Component
      style={
        Array [
          Object {
            "fontFamily": "Roboto-Regular",
            "fontWeight": "600",
          },
          Object {
            "color": "white",
          },
          Object {
            "fontSize": undefined,
          },
        ]
      }
    />
    <Component />
  </Component>
</TouchableOpacity>
`;
