// Jest Snapshot v1, https://goo.gl/fbAQLP

exports[`Testing diet title component renders correcly 1`] = `
<Component
  style={
    Object {
      "flexDirection": "row",
      "flexWrap": "wrap",
    }
  }
>
  <Component
    style={
      Object {
        "flexBasis": "89%",
      }
    }
  >
    <Component
      style={
        Object {
          "color": "white",
          "fontSize": 20,
          "fontWeight": "500",
        }
      }
    >
      title
    </Component>
  </Component>
  <Icon
    allowFontScaling={false}
    color="white"
    name="information-outline"
    size={30}
    style={
      Object {
        "alignItems": "flex-end",
      }
    }
  />
</Component>
`;
