// Jest Snapshot v1, https://goo.gl/fbAQLP

exports[`Testing appointment components renders correctly 1`] = `ShallowWrapper {}`;

exports[`Testing appointment components renders correctly 2`] = `ShallowWrapper {}`;

exports[`Testing appointment components renders correctly 3`] = `ShallowWrapper {}`;

exports[`Testing appointment components renders correctly 4`] = `ShallowWrapper {}`;

exports[`Testing appointment components renders correctly 5`] = `ShallowWrapper {}`;

exports[`Testing appointment components renders correctly 6`] = `ShallowWrapper {}`;
